// Jest Snapshot v1, https://goo.gl/fbAQLP

exports[`src/pages/home/index.tsx Render Home page 1`] = `
<div>
  <div
    class="home"
  >
    <div
      class="container"
    >
      <form>
        <input
          placeholder="Address"
          type="text"
          value=""
        />
        <input
          class="submit"
          type="submit"
          value="Search"
        />
      </form>
    </div>
  </div>
</div>
`;

exports[`src/pages/home/index.tsx should add an item based on the value in the state 1`] = `ShallowWrapper {}`;

exports[`src/pages/home/index.tsx should pass a selected value to the onChange function 1`] = `ShallowWrapper {}`;
